[2025-11-22T04:15:17.662+0000] {local_task_job_runner.py:123} INFO - ::group::Pre task execution logs
[2025-11-22T04:15:17.684+0000] {taskinstance.py:2614} INFO - Dependencies all met for dep_context=non-requeueable deps ti=<TaskInstance: crawl_search_page.crawl_search_page manual__2025-11-22T04:15:15.585299+00:00 [queued]>
[2025-11-22T04:15:17.694+0000] {taskinstance.py:2614} INFO - Dependencies all met for dep_context=requeueable deps ti=<TaskInstance: crawl_search_page.crawl_search_page manual__2025-11-22T04:15:15.585299+00:00 [queued]>
[2025-11-22T04:15:17.694+0000] {taskinstance.py:2867} INFO - Starting attempt 1 of 1
[2025-11-22T04:15:17.710+0000] {taskinstance.py:2890} INFO - Executing <Task(PythonOperator): crawl_search_page> on 2025-11-22 04:15:15.585299+00:00
[2025-11-22T04:15:17.735+0000] {standard_task_runner.py:104} INFO - Running: ['***', 'tasks', 'run', 'crawl_search_page', 'crawl_search_page', 'manual__2025-11-22T04:15:15.585299+00:00', '--job-id', '2', '--raw', '--subdir', 'DAGS_FOLDER/crawl_search_page.py', '--cfg-path', '/tmp/tmppv3g5cuj']
[2025-11-22T04:15:17.750+0000] {logging_mixin.py:190} WARNING - /home/***/.local/lib/python3.12/site-packages/***/task/task_runner/standard_task_runner.py:70 DeprecationWarning: This process (pid=353) is multi-threaded, use of fork() may lead to deadlocks in the child.
[2025-11-22T04:15:17.752+0000] {standard_task_runner.py:105} INFO - Job 2: Subtask crawl_search_page
[2025-11-22T04:15:17.753+0000] {standard_task_runner.py:72} INFO - Started process 358 to run task
[2025-11-22T04:15:17.858+0000] {task_command.py:467} INFO - Running <TaskInstance: crawl_search_page.crawl_search_page manual__2025-11-22T04:15:15.585299+00:00 [running]> on host 98537dcf06ba
[2025-11-22T04:15:18.035+0000] {taskinstance.py:3134} INFO - Exporting env vars: AIRFLOW_CTX_DAG_OWNER='***' AIRFLOW_CTX_DAG_ID='crawl_search_page' AIRFLOW_CTX_TASK_ID='crawl_search_page' AIRFLOW_CTX_EXECUTION_DATE='2025-11-22T04:15:15.585299+00:00' AIRFLOW_CTX_TRY_NUMBER='1' AIRFLOW_CTX_DAG_RUN_ID='manual__2025-11-22T04:15:15.585299+00:00'
[2025-11-22T04:15:18.038+0000] {taskinstance.py:732} INFO - ::endgroup::
[2025-11-22T04:15:18.047+0000] {taskinstance.py:3313} ERROR - Task failed with exception
Traceback (most recent call last):
  File "/home/airflow/.local/lib/python3.12/site-packages/airflow/models/taskinstance.py", line 768, in _execute_task
    result = _execute_callable(context=context, **execute_callable_kwargs)
             ^^^^^^^^^^^^^^^^^^^^^^^^^^^^^^^^^^^^^^^^^^^^^^^^^^^^^^^^^^^^^
  File "/home/airflow/.local/lib/python3.12/site-packages/airflow/models/taskinstance.py", line 734, in _execute_callable
    return ExecutionCallableRunner(
           ^^^^^^^^^^^^^^^^^^^^^^^^
  File "/home/airflow/.local/lib/python3.12/site-packages/airflow/utils/operator_helpers.py", line 252, in run
    return self.func(*args, **kwargs)
           ^^^^^^^^^^^^^^^^^^^^^^^^^^
  File "/home/airflow/.local/lib/python3.12/site-packages/airflow/models/baseoperator.py", line 424, in wrapper
    return func(self, *args, **kwargs)
           ^^^^^^^^^^^^^^^^^^^^^^^^^^^
  File "/home/airflow/.local/lib/python3.12/site-packages/airflow/operators/python.py", line 238, in execute
    return_value = self.execute_callable()
                   ^^^^^^^^^^^^^^^^^^^^^^^
  File "/home/airflow/.local/lib/python3.12/site-packages/airflow/operators/python.py", line 256, in execute_callable
    return runner.run(*self.op_args, **self.op_kwargs)
           ^^^^^^^^^^^^^^^^^^^^^^^^^^^^^^^^^^^^^^^^^^^
  File "/home/airflow/.local/lib/python3.12/site-packages/airflow/utils/operator_helpers.py", line 252, in run
    return self.func(*args, **kwargs)
           ^^^^^^^^^^^^^^^^^^^^^^^^^^
  File "/opt/airflow/dags/job_crawler/beautifulsoup/crawl_search_page.py", line 135, in crawl_multiple_keywords
    db = JobDBClient(SQLITE_DB_PATH)
         ^^^^^^^^^^^^^^^^^^^^^^^^^^^
  File "/opt/airflow/dags/job_crawler/beautifulsoup/JobDBClient/JobDBSpliteClient.py", line 6, in __init__
    self.connection: Connection = sqlite3.connect(db_path)
                                  ^^^^^^^^^^^^^^^^^^^^^^^^
sqlite3.OperationalError: unable to open database file
[2025-11-22T04:15:18.090+0000] {taskinstance.py:1226} INFO - Marking task as FAILED. dag_id=crawl_search_page, task_id=crawl_search_page, run_id=manual__2025-11-22T04:15:15.585299+00:00, execution_date=20251122T041515, start_date=20251122T041517, end_date=20251122T041518
[2025-11-22T04:15:18.139+0000] {taskinstance.py:341} INFO - ::group::Post task execution logs
[2025-11-22T04:15:18.141+0000] {standard_task_runner.py:124} ERROR - Failed to execute job 2 for task crawl_search_page (unable to open database file; 358)
Traceback (most recent call last):
  File "/home/airflow/.local/lib/python3.12/site-packages/airflow/task/task_runner/standard_task_runner.py", line 117, in _start_by_fork
    ret = args.func(args, dag=self.dag)
          ^^^^^^^^^^^^^^^^^^^^^^^^^^^^^
  File "/home/airflow/.local/lib/python3.12/site-packages/airflow/cli/cli_config.py", line 49, in command
    return func(*args, **kwargs)
           ^^^^^^^^^^^^^^^^^^^^^
  File "/home/airflow/.local/lib/python3.12/site-packages/airflow/utils/cli.py", line 116, in wrapper
    return f(*args, **kwargs)
           ^^^^^^^^^^^^^^^^^^
  File "/home/airflow/.local/lib/python3.12/site-packages/airflow/cli/commands/task_command.py", line 483, in task_run
    task_return_code = _run_task_by_selected_method(args, _dag, ti)
                       ^^^^^^^^^^^^^^^^^^^^^^^^^^^^^^^^^^^^^^^^^^^^
  File "/home/airflow/.local/lib/python3.12/site-packages/airflow/cli/commands/task_command.py", line 256, in _run_task_by_selected_method
    return _run_raw_task(args, ti)
           ^^^^^^^^^^^^^^^^^^^^^^^
  File "/home/airflow/.local/lib/python3.12/site-packages/airflow/cli/commands/task_command.py", line 341, in _run_raw_task
    return ti._run_raw_task(
           ^^^^^^^^^^^^^^^^^
  File "/home/airflow/.local/lib/python3.12/site-packages/airflow/utils/session.py", line 97, in wrapper
    return func(*args, session=session, **kwargs)
           ^^^^^^^^^^^^^^^^^^^^^^^^^^^^^^^^^^^^^^
  File "/home/airflow/.local/lib/python3.12/site-packages/airflow/models/taskinstance.py", line 3006, in _run_raw_task
    return _run_raw_task(
           ^^^^^^^^^^^^^^
  File "/home/airflow/.local/lib/python3.12/site-packages/airflow/models/taskinstance.py", line 274, in _run_raw_task
    TaskInstance._execute_task_with_callbacks(
  File "/home/airflow/.local/lib/python3.12/site-packages/airflow/models/taskinstance.py", line 3161, in _execute_task_with_callbacks
    result = self._execute_task(context, task_orig)
             ^^^^^^^^^^^^^^^^^^^^^^^^^^^^^^^^^^^^^^
  File "/home/airflow/.local/lib/python3.12/site-packages/airflow/models/taskinstance.py", line 3185, in _execute_task
    return _execute_task(self, context, task_orig)
           ^^^^^^^^^^^^^^^^^^^^^^^^^^^^^^^^^^^^^^^
  File "/home/airflow/.local/lib/python3.12/site-packages/airflow/models/taskinstance.py", line 768, in _execute_task
    result = _execute_callable(context=context, **execute_callable_kwargs)
             ^^^^^^^^^^^^^^^^^^^^^^^^^^^^^^^^^^^^^^^^^^^^^^^^^^^^^^^^^^^^^
  File "/home/airflow/.local/lib/python3.12/site-packages/airflow/models/taskinstance.py", line 734, in _execute_callable
    return ExecutionCallableRunner(
           ^^^^^^^^^^^^^^^^^^^^^^^^
  File "/home/airflow/.local/lib/python3.12/site-packages/airflow/utils/operator_helpers.py", line 252, in run
    return self.func(*args, **kwargs)
           ^^^^^^^^^^^^^^^^^^^^^^^^^^
  File "/home/airflow/.local/lib/python3.12/site-packages/airflow/models/baseoperator.py", line 424, in wrapper
    return func(self, *args, **kwargs)
           ^^^^^^^^^^^^^^^^^^^^^^^^^^^
  File "/home/airflow/.local/lib/python3.12/site-packages/airflow/operators/python.py", line 238, in execute
    return_value = self.execute_callable()
                   ^^^^^^^^^^^^^^^^^^^^^^^
  File "/home/airflow/.local/lib/python3.12/site-packages/airflow/operators/python.py", line 256, in execute_callable
    return runner.run(*self.op_args, **self.op_kwargs)
           ^^^^^^^^^^^^^^^^^^^^^^^^^^^^^^^^^^^^^^^^^^^
  File "/home/airflow/.local/lib/python3.12/site-packages/airflow/utils/operator_helpers.py", line 252, in run
    return self.func(*args, **kwargs)
           ^^^^^^^^^^^^^^^^^^^^^^^^^^
  File "/opt/airflow/dags/job_crawler/beautifulsoup/crawl_search_page.py", line 135, in crawl_multiple_keywords
    db = JobDBClient(SQLITE_DB_PATH)
         ^^^^^^^^^^^^^^^^^^^^^^^^^^^
  File "/opt/airflow/dags/job_crawler/beautifulsoup/JobDBClient/JobDBSpliteClient.py", line 6, in __init__
    self.connection: Connection = sqlite3.connect(db_path)
                                  ^^^^^^^^^^^^^^^^^^^^^^^^
sqlite3.OperationalError: unable to open database file
[2025-11-22T04:15:18.171+0000] {local_task_job_runner.py:266} INFO - Task exited with return code 1
[2025-11-22T04:15:18.195+0000] {taskinstance.py:3901} INFO - 0 downstream tasks scheduled from follow-on schedule check
[2025-11-22T04:15:18.197+0000] {local_task_job_runner.py:245} INFO - ::endgroup::
